[2026-08-08 13:51:54,208][OpenGL.acceleratesupport][INFO] - No OpenGL_accelerate module loaded: No module named 'OpenGL_accelerate'
[2026-08-08 13:51:54,487][absl][INFO] - MUJOCO_GL=egl, attempting to import specified OpenGL backend.
[2026-08-08 13:51:54,598][absl][INFO] - MuJoCo library version is: 3.10.0
/public/home/xsy0001/miniconda3/envs/lewm/lib/python3.10/site-packages/pygame/pkgdata.py:25: UserWarning: pkg_resources is deprecated as an API. See https://setuptools.pypa.io/en/latest/pkg_resources.html. The pkg_resources package is slated for removal as early as 2025-11-30. Refrain from using this package or pin to Setuptools<81.
  from pkg_resources import resource_stream, resource_exists
/public/home/xsy0001/miniconda3/envs/lewm/lib/python3.10/site-packages/gymnasium/envs/registration.py:729: UserWarning: [33mWARN: The environment is being initialised with render_mode='rgb_array' that is not in the possible render_modes ([]).[0m
  logger.warn(
/public/home/xsy0001/miniconda3/envs/lewm/lib/python3.10/site-packages/gymnasium/spaces/box.py:231: UserWarning: [33mWARN: Box low's precision lowered by casting to float32, current low.dtype=float64[0m
  gym.logger.warn(
/public/home/xsy0001/miniconda3/envs/lewm/lib/python3.10/site-packages/gymnasium/spaces/box.py:297: UserWarning: [33mWARN: Box high's precision lowered by casting to float32, current high.dtype=float64[0m
  gym.logger.warn(
/public/home/xsy0001/miniconda3/envs/lewm/lib/python3.10/site-packages/gymnasium/spaces/box.py:415: UserWarning: [33mWARN: Casting input x to numpy array.[0m
  gym.logger.warn("Casting input x to numpy array.")
[2026-08-08 13:53:13,301][datasets][INFO] - JAX version 0.6.2 available.
13:53:21 | INFO  | atomic_chec~| [atomic_save] installed crash-safe checkpoint plugin (write to sibling .tmp + fsync + atomic rename)
[2026-08-08 13:53:21,571][root][INFO] - Cached 'action' from '/public/home/xsy0001/workspace/data/stable-worldmodel/hf/datasets/quentinll--lewm-cube/02a19a67a0dc8c9d6215f89c19e0a597691e152a/cube_single_expert.h5'
13:53:22 | INFO  | utils.py    | Created ViT-tiny from scratch with config: {'hidden_size': 192, 'num_hidden_layers': 12, 'num_attention_heads': 3, 'intermediate_size': 768, 'image_size': 224, 'patch_size': 14}
/public/home/xsy0001/miniconda3/envs/lewm/lib/python3.10/site-packages/gymnasium/spaces/box.py:231: UserWarning: [33mWARN: Box low's precision lowered by casting to float32, current low.dtype=float64[0m
  gym.logger.warn(
/public/home/xsy0001/miniconda3/envs/lewm/lib/python3.10/site-packages/gymnasium/spaces/box.py:297: UserWarning: [33mWARN: Box high's precision lowered by casting to float32, current high.dtype=float64[0m
  gym.logger.warn(
/public/home/xsy0001/miniconda3/envs/lewm/lib/python3.10/site-packages/gymnasium/spaces/box.py:415: UserWarning: [33mWARN: Casting input x to numpy array.[0m
  gym.logger.warn("Casting input x to numpy array.")
/public/home/xsy0001/miniconda3/envs/lewm/lib/python3.10/site-packages/gymnasium/spaces/box.py:231: UserWarning: [33mWARN: Box low's precision lowered by casting to float32, current low.dtype=float64[0m
  gym.logger.warn(
/public/home/xsy0001/miniconda3/envs/lewm/lib/python3.10/site-packages/gymnasium/spaces/box.py:297: UserWarning: [33mWARN: Box high's precision lowered by casting to float32, current high.dtype=float64[0m
  gym.logger.warn(
/public/home/xsy0001/miniconda3/envs/lewm/lib/python3.10/site-packages/gymnasium/spaces/box.py:231: UserWarning: [33mWARN: Box low's precision lowered by casting to float32, current low.dtype=float64[0m
  gym.logger.warn(
/public/home/xsy0001/miniconda3/envs/lewm/lib/python3.10/site-packages/gymnasium/spaces/box.py:297: UserWarning: [33mWARN: Box high's precision lowered by casting to float32, current high.dtype=float64[0m
  gym.logger.warn(
/public/home/xsy0001/miniconda3/envs/lewm/lib/python3.10/site-packages/gymnasium/spaces/box.py:231: UserWarning: [33mWARN: Box low's precision lowered by casting to float32, current low.dtype=float64[0m
  gym.logger.warn(
/public/home/xsy0001/miniconda3/envs/lewm/lib/python3.10/site-packages/gymnasium/spaces/box.py:297: UserWarning: [33mWARN: Box high's precision lowered by casting to float32, current high.dtype=float64[0m
  gym.logger.warn(
/public/home/xsy0001/miniconda3/envs/lewm/lib/python3.10/site-packages/gymnasium/spaces/box.py:231: UserWarning: [33mWARN: Box low's precision lowered by casting to float32, current low.dtype=float64[0m
  gym.logger.warn(
/public/home/xsy0001/miniconda3/envs/lewm/lib/python3.10/site-packages/gymnasium/spaces/box.py:297: UserWarning: [33mWARN: Box high's precision lowered by casting to float32, current high.dtype=float64[0m
  gym.logger.warn(
/public/home/xsy0001/miniconda3/envs/lewm/lib/python3.10/site-packages/gymnasium/spaces/box.py:231: UserWarning: [33mWARN: Box low's precision lowered by casting to float32, current low.dtype=float64[0m
  gym.logger.warn(
/public/home/xsy0001/miniconda3/envs/lewm/lib/python3.10/site-packages/gymnasium/spaces/box.py:297: UserWarning: [33mWARN: Box high's precision lowered by casting to float32, current high.dtype=float64[0m
  gym.logger.warn(
/public/home/xsy0001/miniconda3/envs/lewm/lib/python3.10/site-packages/gymnasium/spaces/box.py:231: UserWarning: [33mWARN: Box low's precision lowered by casting to float32, current low.dtype=float64[0m
  gym.logger.warn(
/public/home/xsy0001/miniconda3/envs/lewm/lib/python3.10/site-packages/gymnasium/spaces/box.py:297: UserWarning: [33mWARN: Box high's precision lowered by casting to float32, current high.dtype=float64[0m
  gym.logger.warn(
/public/home/xsy0001/miniconda3/envs/lewm/lib/python3.10/site-packages/gymnasium/spaces/box.py:231: UserWarning: [33mWARN: Box low's precision lowered by casting to float32, current low.dtype=float64[0m
  gym.logger.warn(
/public/home/xsy0001/miniconda3/envs/lewm/lib/python3.10/site-packages/gymnasium/spaces/box.py:297: UserWarning: [33mWARN: Box high's precision lowered by casting to float32, current high.dtype=float64[0m
  gym.logger.warn(
/public/home/xsy0001/miniconda3/envs/lewm/lib/python3.10/site-packages/gymnasium/spaces/box.py:231: UserWarning: [33mWARN: Box low's precision lowered by casting to float32, current low.dtype=float64[0m
  gym.logger.warn(
/public/home/xsy0001/miniconda3/envs/lewm/lib/python3.10/site-packages/gymnasium/spaces/box.py:297: UserWarning: [33mWARN: Box high's precision lowered by casting to float32, current high.dtype=float64[0m
  gym.logger.warn(
/public/home/xsy0001/miniconda3/envs/lewm/lib/python3.10/site-packages/gymnasium/spaces/box.py:231: UserWarning: [33mWARN: Box low's precision lowered by casting to float32, current low.dtype=float64[0m
  gym.logger.warn(
/public/home/xsy0001/miniconda3/envs/lewm/lib/python3.10/site-packages/gymnasium/spaces/box.py:297: UserWarning: [33mWARN: Box high's precision lowered by casting to float32, current high.dtype=float64[0m
  gym.logger.warn(
/public/home/xsy0001/miniconda3/envs/lewm/lib/python3.10/site-packages/gymnasium/spaces/box.py:231: UserWarning: [33mWARN: Box low's precision lowered by casting to float32, current low.dtype=float64[0m
  gym.logger.warn(
/public/home/xsy0001/miniconda3/envs/lewm/lib/python3.10/site-packages/gymnasium/spaces/box.py:297: UserWarning: [33mWARN: Box high's precision lowered by casting to float32, current high.dtype=float64[0m
  gym.logger.warn(
/public/home/xsy0001/miniconda3/envs/lewm/lib/python3.10/site-packages/gymnasium/spaces/box.py:231: UserWarning: [33mWARN: Box low's precision lowered by casting to float32, current low.dtype=float64[0m
  gym.logger.warn(
/public/home/xsy0001/miniconda3/envs/lewm/lib/python3.10/site-packages/gymnasium/spaces/box.py:297: UserWarning: [33mWARN: Box high's precision lowered by casting to float32, current high.dtype=float64[0m
  gym.logger.warn(
/public/home/xsy0001/miniconda3/envs/lewm/lib/python3.10/site-packages/gymnasium/spaces/box.py:231: UserWarning: [33mWARN: Box low's precision lowered by casting to float32, current low.dtype=float64[0m
  gym.logger.warn(
/public/home/xsy0001/miniconda3/envs/lewm/lib/python3.10/site-packages/gymnasium/spaces/box.py:297: UserWarning: [33mWARN: Box high's precision lowered by casting to float32, current high.dtype=float64[0m
  gym.logger.warn(
/public/home/xsy0001/miniconda3/envs/lewm/lib/python3.10/site-packages/gymnasium/spaces/box.py:231: UserWarning: [33mWARN: Box low's precision lowered by casting to float32, current low.dtype=float64[0m
  gym.logger.warn(
/public/home/xsy0001/miniconda3/envs/lewm/lib/python3.10/site-packages/gymnasium/spaces/box.py:297: UserWarning: [33mWARN: Box high's precision lowered by casting to float32, current high.dtype=float64[0m
  gym.logger.warn(
/public/home/xsy0001/miniconda3/envs/lewm/lib/python3.10/site-packages/gymnasium/spaces/box.py:231: UserWarning: [33mWARN: Box low's precision lowered by casting to float32, current low.dtype=float64[0m
  gym.logger.warn(
/public/home/xsy0001/miniconda3/envs/lewm/lib/python3.10/site-packages/gymnasium/spaces/box.py:297: UserWarning: [33mWARN: Box high's precision lowered by casting to float32, current high.dtype=float64[0m
  gym.logger.warn(
/public/home/xsy0001/miniconda3/envs/lewm/lib/python3.10/site-packages/gymnasium/spaces/box.py:231: UserWarning: [33mWARN: Box low's precision lowered by casting to float32, current low.dtype=float64[0m
  gym.logger.warn(
/public/home/xsy0001/miniconda3/envs/lewm/lib/python3.10/site-packages/gymnasium/spaces/box.py:297: UserWarning: [33mWARN: Box high's precision lowered by casting to float32, current high.dtype=float64[0m
  gym.logger.warn(
/public/home/xsy0001/miniconda3/envs/lewm/lib/python3.10/site-packages/gymnasium/spaces/box.py:231: UserWarning: [33mWARN: Box low's precision lowered by casting to float32, current low.dtype=float64[0m
  gym.logger.warn(
/public/home/xsy0001/miniconda3/envs/lewm/lib/python3.10/site-packages/gymnasium/spaces/box.py:297: UserWarning: [33mWARN: Box high's precision lowered by casting to float32, current high.dtype=float64[0m
  gym.logger.warn(
/public/home/xsy0001/miniconda3/envs/lewm/lib/python3.10/site-packages/gymnasium/spaces/box.py:231: UserWarning: [33mWARN: Box low's precision lowered by casting to float32, current low.dtype=float64[0m
  gym.logger.warn(
/public/home/xsy0001/miniconda3/envs/lewm/lib/python3.10/site-packages/gymnasium/spaces/box.py:297: UserWarning: [33mWARN: Box high's precision lowered by casting to float32, current high.dtype=float64[0m
  gym.logger.warn(
/public/home/xsy0001/miniconda3/envs/lewm/lib/python3.10/site-packages/gymnasium/spaces/box.py:231: UserWarning: [33mWARN: Box low's precision lowered by casting to float32, current low.dtype=float64[0m
  gym.logger.warn(
/public/home/xsy0001/miniconda3/envs/lewm/lib/python3.10/site-packages/gymnasium/spaces/box.py:297: UserWarning: [33mWARN: Box high's precision lowered by casting to float32, current high.dtype=float64[0m
  gym.logger.warn(
/public/home/xsy0001/miniconda3/envs/lewm/lib/python3.10/site-packages/gymnasium/spaces/box.py:231: UserWarning: [33mWARN: Box low's precision lowered by casting to float32, current low.dtype=float64[0m
  gym.logger.warn(
/public/home/xsy0001/miniconda3/envs/lewm/lib/python3.10/site-packages/gymnasium/spaces/box.py:297: UserWarning: [33mWARN: Box high's precision lowered by casting to float32, current high.dtype=float64[0m
  gym.logger.warn(
/public/home/xsy0001/miniconda3/envs/lewm/lib/python3.10/site-packages/gymnasium/spaces/box.py:231: UserWarning: [33mWARN: Box low's precision lowered by casting to float32, current low.dtype=float64[0m
  gym.logger.warn(
/public/home/xsy0001/miniconda3/envs/lewm/lib/python3.10/site-packages/gymnasium/spaces/box.py:297: UserWarning: [33mWARN: Box high's precision lowered by casting to float32, current high.dtype=float64[0m
  gym.logger.warn(
/public/home/xsy0001/miniconda3/envs/lewm/lib/python3.10/site-packages/gymnasium/spaces/box.py:231: UserWarning: [33mWARN: Box low's precision lowered by casting to float32, current low.dtype=float64[0m
  gym.logger.warn(
/public/home/xsy0001/miniconda3/envs/lewm/lib/python3.10/site-packages/gymnasium/spaces/box.py:297: UserWarning: [33mWARN: Box high's precision lowered by casting to float32, current high.dtype=float64[0m
  gym.logger.warn(
/public/home/xsy0001/miniconda3/envs/lewm/lib/python3.10/site-packages/gymnasium/spaces/box.py:231: UserWarning: [33mWARN: Box low's precision lowered by casting to float32, current low.dtype=float64[0m
  gym.logger.warn(
/public/home/xsy0001/miniconda3/envs/lewm/lib/python3.10/site-packages/gymnasium/spaces/box.py:297: UserWarning: [33mWARN: Box high's precision lowered by casting to float32, current high.dtype=float64[0m
  gym.logger.warn(
/public/home/xsy0001/miniconda3/envs/lewm/lib/python3.10/site-packages/gymnasium/spaces/box.py:231: UserWarning: [33mWARN: Box low's precision lowered by casting to float32, current low.dtype=float64[0m
  gym.logger.warn(
/public/home/xsy0001/miniconda3/envs/lewm/lib/python3.10/site-packages/gymnasium/spaces/box.py:297: UserWarning: [33mWARN: Box high's precision lowered by casting to float32, current high.dtype=float64[0m
  gym.logger.warn(
/public/home/xsy0001/miniconda3/envs/lewm/lib/python3.10/site-packages/gymnasium/spaces/box.py:231: UserWarning: [33mWARN: Box low's precision lowered by casting to float32, current low.dtype=float64[0m
  gym.logger.warn(
/public/home/xsy0001/miniconda3/envs/lewm/lib/python3.10/site-packages/gymnasium/spaces/box.py:297: UserWarning: [33mWARN: Box high's precision lowered by casting to float32, current high.dtype=float64[0m
  gym.logger.warn(
/public/home/xsy0001/miniconda3/envs/lewm/lib/python3.10/site-packages/gymnasium/spaces/box.py:231: UserWarning: [33mWARN: Box low's precision lowered by casting to float32, current low.dtype=float64[0m
  gym.logger.warn(
/public/home/xsy0001/miniconda3/envs/lewm/lib/python3.10/site-packages/gymnasium/spaces/box.py:297: UserWarning: [33mWARN: Box high's precision lowered by casting to float32, current high.dtype=float64[0m
  gym.logger.warn(
/public/home/xsy0001/miniconda3/envs/lewm/lib/python3.10/site-packages/gymnasium/spaces/box.py:231: UserWarning: [33mWARN: Box low's precision lowered by casting to float32, current low.dtype=float64[0m
  gym.logger.warn(
/public/home/xsy0001/miniconda3/envs/lewm/lib/python3.10/site-packages/gymnasium/spaces/box.py:297: UserWarning: [33mWARN: Box high's precision lowered by casting to float32, current high.dtype=float64[0m
  gym.logger.warn(
/public/home/xsy0001/miniconda3/envs/lewm/lib/python3.10/site-packages/gymnasium/spaces/box.py:231: UserWarning: [33mWARN: Box low's precision lowered by casting to float32, current low.dtype=float64[0m
  gym.logger.warn(
/public/home/xsy0001/miniconda3/envs/lewm/lib/python3.10/site-packages/gymnasium/spaces/box.py:297: UserWarning: [33mWARN: Box high's precision lowered by casting to float32, current high.dtype=float64[0m
  gym.logger.warn(
/public/home/xsy0001/miniconda3/envs/lewm/lib/python3.10/site-packages/gymnasium/spaces/box.py:231: UserWarning: [33mWARN: Box low's precision lowered by casting to float32, current low.dtype=float64[0m
  gym.logger.warn(
/public/home/xsy0001/miniconda3/envs/lewm/lib/python3.10/site-packages/gymnasium/spaces/box.py:297: UserWarning: [33mWARN: Box high's precision lowered by casting to float32, current high.dtype=float64[0m
  gym.logger.warn(
/public/home/xsy0001/miniconda3/envs/lewm/lib/python3.10/site-packages/gymnasium/spaces/box.py:231: UserWarning: [33mWARN: Box low's precision lowered by casting to float32, current low.dtype=float64[0m
  gym.logger.warn(
/public/home/xsy0001/miniconda3/envs/lewm/lib/python3.10/site-packages/gymnasium/spaces/box.py:297: UserWarning: [33mWARN: Box high's precision lowered by casting to float32, current high.dtype=float64[0m
  gym.logger.warn(
/public/home/xsy0001/miniconda3/envs/lewm/lib/python3.10/site-packages/gymnasium/spaces/box.py:231: UserWarning: [33mWARN: Box low's precision lowered by casting to float32, current low.dtype=float64[0m
  gym.logger.warn(
/public/home/xsy0001/miniconda3/envs/lewm/lib/python3.10/site-packages/gymnasium/spaces/box.py:297: UserWarning: [33mWARN: Box high's precision lowered by casting to float32, current high.dtype=float64[0m
  gym.logger.warn(
/public/home/xsy0001/miniconda3/envs/lewm/lib/python3.10/site-packages/gymnasium/spaces/box.py:231: UserWarning: [33mWARN: Box low's precision lowered by casting to float32, current low.dtype=float64[0m
  gym.logger.warn(
/public/home/xsy0001/miniconda3/envs/lewm/lib/python3.10/site-packages/gymnasium/spaces/box.py:297: UserWarning: [33mWARN: Box high's precision lowered by casting to float32, current high.dtype=float64[0m
  gym.logger.warn(
/public/home/xsy0001/miniconda3/envs/lewm/lib/python3.10/site-packages/gymnasium/spaces/box.py:231: UserWarning: [33mWARN: Box low's precision lowered by casting to float32, current low.dtype=float64[0m
  gym.logger.warn(
/public/home/xsy0001/miniconda3/envs/lewm/lib/python3.10/site-packages/gymnasium/spaces/box.py:297: UserWarning: [33mWARN: Box high's precision lowered by casting to float32, current high.dtype=float64[0m
  gym.logger.warn(
/public/home/xsy0001/miniconda3/envs/lewm/lib/python3.10/site-packages/gymnasium/spaces/box.py:231: UserWarning: [33mWARN: Box low's precision lowered by casting to float32, current low.dtype=float64[0m
  gym.logger.warn(
/public/home/xsy0001/miniconda3/envs/lewm/lib/python3.10/site-packages/gymnasium/spaces/box.py:297: UserWarning: [33mWARN: Box high's precision lowered by casting to float32, current high.dtype=float64[0m
  gym.logger.warn(
/public/home/xsy0001/miniconda3/envs/lewm/lib/python3.10/site-packages/gymnasium/spaces/box.py:231: UserWarning: [33mWARN: Box low's precision lowered by casting to float32, current low.dtype=float64[0m
  gym.logger.warn(
/public/home/xsy0001/miniconda3/envs/lewm/lib/python3.10/site-packages/gymnasium/spaces/box.py:297: UserWarning: [33mWARN: Box high's precision lowered by casting to float32, current high.dtype=float64[0m
  gym.logger.warn(
/public/home/xsy0001/miniconda3/envs/lewm/lib/python3.10/site-packages/gymnasium/spaces/box.py:231: UserWarning: [33mWARN: Box low's precision lowered by casting to float32, current low.dtype=float64[0m
  gym.logger.warn(
/public/home/xsy0001/miniconda3/envs/lewm/lib/python3.10/site-packages/gymnasium/spaces/box.py:297: UserWarning: [33mWARN: Box high's precision lowered by casting to float32, current high.dtype=float64[0m
  gym.logger.warn(
/public/home/xsy0001/miniconda3/envs/lewm/lib/python3.10/site-packages/gymnasium/spaces/box.py:231: UserWarning: [33mWARN: Box low's precision lowered by casting to float32, current low.dtype=float64[0m
  gym.logger.warn(
/public/home/xsy0001/miniconda3/envs/lewm/lib/python3.10/site-packages/gymnasium/spaces/box.py:297: UserWarning: [33mWARN: Box high's precision lowered by casting to float32, current high.dtype=float64[0m
  gym.logger.warn(
/public/home/xsy0001/miniconda3/envs/lewm/lib/python3.10/site-packages/gymnasium/spaces/box.py:231: UserWarning: [33mWARN: Box low's precision lowered by casting to float32, current low.dtype=float64[0m
  gym.logger.warn(
/public/home/xsy0001/miniconda3/envs/lewm/lib/python3.10/site-packages/gymnasium/spaces/box.py:297: UserWarning: [33mWARN: Box high's precision lowered by casting to float32, current high.dtype=float64[0m
  gym.logger.warn(
/public/home/xsy0001/miniconda3/envs/lewm/lib/python3.10/site-packages/gymnasium/spaces/box.py:231: UserWarning: [33mWARN: Box low's precision lowered by casting to float32, current low.dtype=float64[0m
  gym.logger.warn(
/public/home/xsy0001/miniconda3/envs/lewm/lib/python3.10/site-packages/gymnasium/spaces/box.py:297: UserWarning: [33mWARN: Box high's precision lowered by casting to float32, current high.dtype=float64[0m
  gym.logger.warn(
/public/home/xsy0001/miniconda3/envs/lewm/lib/python3.10/site-packages/gymnasium/spaces/box.py:231: UserWarning: [33mWARN: Box low's precision lowered by casting to float32, current low.dtype=float64[0m
  gym.logger.warn(
/public/home/xsy0001/miniconda3/envs/lewm/lib/python3.10/site-packages/gymnasium/spaces/box.py:297: UserWarning: [33mWARN: Box high's precision lowered by casting to float32, current high.dtype=float64[0m
  gym.logger.warn(
/public/home/xsy0001/miniconda3/envs/lewm/lib/python3.10/site-packages/gymnasium/spaces/box.py:231: UserWarning: [33mWARN: Box low's precision lowered by casting to float32, current low.dtype=float64[0m
  gym.logger.warn(
/public/home/xsy0001/miniconda3/envs/lewm/lib/python3.10/site-packages/gymnasium/spaces/box.py:297: UserWarning: [33mWARN: Box high's precision lowered by casting to float32, current high.dtype=float64[0m
  gym.logger.warn(
/public/home/xsy0001/miniconda3/envs/lewm/lib/python3.10/site-packages/gymnasium/spaces/box.py:231: UserWarning: [33mWARN: Box low's precision lowered by casting to float32, current low.dtype=float64[0m
  gym.logger.warn(
/public/home/xsy0001/miniconda3/envs/lewm/lib/python3.10/site-packages/gymnasium/spaces/box.py:297: UserWarning: [33mWARN: Box high's precision lowered by casting to float32, current high.dtype=float64[0m
  gym.logger.warn(
/public/home/xsy0001/miniconda3/envs/lewm/lib/python3.10/site-packages/gymnasium/spaces/box.py:231: UserWarning: [33mWARN: Box low's precision lowered by casting to float32, current low.dtype=float64[0m
  gym.logger.warn(
/public/home/xsy0001/miniconda3/envs/lewm/lib/python3.10/site-packages/gymnasium/spaces/box.py:297: UserWarning: [33mWARN: Box high's precision lowered by casting to float32, current high.dtype=float64[0m
  gym.logger.warn(
/public/home/xsy0001/miniconda3/envs/lewm/lib/python3.10/site-packages/gymnasium/spaces/box.py:231: UserWarning: [33mWARN: Box low's precision lowered by casting to float32, current low.dtype=float64[0m
  gym.logger.warn(
/public/home/xsy0001/miniconda3/envs/lewm/lib/python3.10/site-packages/gymnasium/spaces/box.py:297: UserWarning: [33mWARN: Box high's precision lowered by casting to float32, current high.dtype=float64[0m
  gym.logger.warn(
/public/home/xsy0001/miniconda3/envs/lewm/lib/python3.10/site-packages/gymnasium/spaces/box.py:231: UserWarning: [33mWARN: Box low's precision lowered by casting to float32, current low.dtype=float64[0m
  gym.logger.warn(
/public/home/xsy0001/miniconda3/envs/lewm/lib/python3.10/site-packages/gymnasium/spaces/box.py:297: UserWarning: [33mWARN: Box high's precision lowered by casting to float32, current high.dtype=float64[0m
  gym.logger.warn(
/public/home/xsy0001/miniconda3/envs/lewm/lib/python3.10/site-packages/gymnasium/spaces/box.py:231: UserWarning: [33mWARN: Box low's precision lowered by casting to float32, current low.dtype=float64[0m
  gym.logger.warn(
/public/home/xsy0001/miniconda3/envs/lewm/lib/python3.10/site-packages/gymnasium/spaces/box.py:297: UserWarning: [33mWARN: Box high's precision lowered by casting to float32, current high.dtype=float64[0m
  gym.logger.warn(
/public/home/xsy0001/miniconda3/envs/lewm/lib/python3.10/site-packages/gymnasium/spaces/box.py:231: UserWarning: [33mWARN: Box low's precision lowered by casting to float32, current low.dtype=float64[0m
  gym.logger.warn(
/public/home/xsy0001/miniconda3/envs/lewm/lib/python3.10/site-packages/gymnasium/spaces/box.py:297: UserWarning: [33mWARN: Box high's precision lowered by casting to float32, current high.dtype=float64[0m
  gym.logger.warn(
/public/home/xsy0001/miniconda3/envs/lewm/lib/python3.10/site-packages/gymnasium/spaces/box.py:231: UserWarning: [33mWARN: Box low's precision lowered by casting to float32, current low.dtype=float64[0m
  gym.logger.warn(
/public/home/xsy0001/miniconda3/envs/lewm/lib/python3.10/site-packages/gymnasium/spaces/box.py:297: UserWarning: [33mWARN: Box high's precision lowered by casting to float32, current high.dtype=float64[0m
  gym.logger.warn(
/public/home/xsy0001/miniconda3/envs/lewm/lib/python3.10/site-packages/gymnasium/spaces/box.py:231: UserWarning: [33mWARN: Box low's precision lowered by casting to float32, current low.dtype=float64[0m
  gym.logger.warn(
/public/home/xsy0001/miniconda3/envs/lewm/lib/python3.10/site-packages/gymnasium/spaces/box.py:297: UserWarning: [33mWARN: Box high's precision lowered by casting to float32, current high.dtype=float64[0m
  gym.logger.warn(
/public/home/xsy0001/miniconda3/envs/lewm/lib/python3.10/site-packages/gymnasium/spaces/box.py:231: UserWarning: [33mWARN: Box low's precision lowered by casting to float32, current low.dtype=float64[0m
  gym.logger.warn(
/public/home/xsy0001/miniconda3/envs/lewm/lib/python3.10/site-packages/gymnasium/spaces/box.py:297: UserWarning: [33mWARN: Box high's precision lowered by casting to float32, current high.dtype=float64[0m
  gym.logger.warn(
/public/home/xsy0001/miniconda3/envs/lewm/lib/python3.10/site-packages/gymnasium/spaces/box.py:231: UserWarning: [33mWARN: Box low's precision lowered by casting to float32, current low.dtype=float64[0m
  gym.logger.warn(
/public/home/xsy0001/miniconda3/envs/lewm/lib/python3.10/site-packages/gymnasium/spaces/box.py:297: UserWarning: [33mWARN: Box high's precision lowered by casting to float32, current high.dtype=float64[0m
  gym.logger.warn(
[  87645  127450  135797  152998  171106  177581  184021  187550  195278
  255387  260440  280897  308773  322433  330188  364137  379820  389395
  401213  453596  455190  481220  552795  579344  626981  652771  662193
  708655  727947  734081  739606  742149  778291  802900  822951  862205
  873658  874001  877108  885113  891078  897922  899187  927928  933707
  940982  953853  995990  997601 1023002 1048627 1088535 1093944 1107365
 1132368 1262021 1263905 1279710 1284646 1302893 1343622 1355569 1367464
 1371572 1376292 1388829 1400113 1405524 1429749 1465912 1488029 1491256
 1514778 1516598 1519862 1540289 1541510 1556602 1559258 1566704 1594575
 1616295 1641896 1653129 1670951 1671152 1674244 1690634 1709530 1714188
 1773038 1785741 1804202 1814142 1847010 1848619 1886431 1937696 1940557
 1943729]
[eval] video output disabled
CEM solve time: 92.6151 seconds
{'success_rate': 38.0, 'episode_successes': array([False, False,  True, False, False, False, False, False, False,
       False,  True, False, False, False,  True, False, False,  True,
       False,  True,  True, False,  True,  True,  True,  True, False,
        True,  True, False,  True,  True, False, False, False, False,
       False,  True,  True,  True, False,  True, False, False,  True,
       False, False, False, False, False, False, False, False,  True,
        True,  True, False, False,  True, False,  True, False,  True,
        True, False, False,  True, False,  True, False, False, False,
        True, False, False, False, False,  True, False,  True,  True,
        True,  True, False, False, False,  True, False, False,  True,
       False,  True, False, False, False, False, False, False, False,
        True]), 'seeds': None}
